// Jest Snapshot v1, https://goo.gl/fbAQLP

exports[`Return an empty array when no json files could be found 1`] = `Array []`;

exports[`Return an output from the merged found json files 1`] = `
Array [
  Object {
    "color": "Red",
    "fruit": "Apple",
    "metadata": Object {
      "browser": Object {
        "name": "not known",
        "version": "not known",
      },
      "device": "not known",
      "platform": Object {
        "name": "not known",
        "version": "not known",
      },
    },
    "size": "Large",
  },
  Object {
    "metadata": Object {
      "browser": Object {
        "name": "not known",
        "version": "not known",
      },
      "device": "not known",
      "platform": Object {
        "name": "not known",
        "version": "not known",
      },
    },
    "quiz": Object {
      "maths": Object {
        "q1": Object {
          "answer": "12",
          "options": Array [
            "10",
            "11",
            "12",
            "13",
          ],
          "question": "5 + 7 = ?",
        },
        "q2": Object {
          "answer": "4",
          "options": Array [
            "1",
            "2",
            "3",
            "4",
          ],
          "question": "12 - 8 = ?",
        },
      },
      "sport": Object {
        "q1": Object {
          "answer": "Huston Rocket",
          "options": Array [
            "New York Bulls",
            "Los Angeles Kings",
            "Golden State Warriros",
            "Huston Rocket",
          ],
          "question": "Which one is correct team name in NBA?",
        },
      },
    },
  },
  Object {
    "color": "Red",
    "fruit": "Apple",
    "metadata": Object {
      "browser": Object {
        "name": "not known",
        "version": "not known",
      },
      "device": "not known",
      "platform": Object {
        "name": "not known",
        "version": "not known",
      },
    },
    "size": "Large",
  },
  Object {
    "metadata": Object {
      "browser": Object {
        "name": "not known",
        "version": "not known",
      },
      "device": "not known",
      "platform": Object {
        "name": "not known",
        "version": "not known",
      },
    },
    "quiz": Object {
      "maths": Object {
        "q1": Object {
          "answer": "12",
          "options": Array [
            "10",
            "11",
            "12",
            "13",
          ],
          "question": "5 + 7 = ?",
        },
        "q2": Object {
          "answer": "4",
          "options": Array [
            "1",
            "2",
            "3",
            "4",
          ],
          "question": "12 - 8 = ?",
        },
      },
      "sport": Object {
        "q1": Object {
          "answer": "Huston Rocket",
          "options": Array [
            "New York Bulls",
            "Los Angeles Kings",
            "Golden State Warriros",
            "Huston Rocket",
          ],
          "question": "Which one is correct team name in NBA?",
        },
      },
    },
  },
]
`;

exports[`Return an output from the merged found json files and add the provided metadata 1`] = `
Array [
  Object {
    "foo": "bar",
    "metadata": Object {
      "browser": Object {
        "name": "chrome",
        "version": "1",
      },
      "device": "Local test machine",
      "platform": Object {
        "name": "Ubuntu",
        "version": "16.04",
      },
    },
  },
]
`;
