// Jest Snapshot v1, https://goo.gl/fbAQLP

exports[`findJsonFiles should be able to find all json files 1`] = `
Array [
  "/resolveMock/1.json",
  "/resolveMock/2.json",
  "/resolveMock/3.json",
  "/resolveMock/6.json",
]
`;

exports[`findJsonFiles should return an empty array when no json files could be found 1`] = `Array []`;

exports[`formatToLocalIso should be able to format time to local ISO 1`] = `"2020/02/17 16:27:43"`;
